[   17535ms] [ERROR] Failed to load resource: the server responded with a status of 500 (Internal Server Error) @ http://localhost:3000/product/bosch-13-place-setting-dishwasher-with-intensive-kadhai-program-no-pre-rinse-70-hot-water-wash-half-load-option-extra-cu:0
[   31349ms] [INFO] %cDownload the React DevTools for a better development experience: https://react.dev/link/react-devtools font-weight:bold @ webpack-internal:///(pages-dir-browser)/./node_modules/react-dom/cjs/react-dom-client.development.js:28004
[   31815ms] Error: Cannot find module './vendor-chunks/lucide-react.js'
Require stack:
- C:\Users\nabap\OneDrive\Desktop\ALL_PROJECTS\ecommerce-byte-wisemain\.next\server\webpack-runtime.js
- C:\Users\nabap\OneDrive\Desktop\ALL_PROJECTS\ecommerce-byte-wisemain\.next\server\app\product\[slug]\page.js
- C:\Users\nabap\OneDrive\Desktop\ALL_PROJECTS\ecommerce-byte-wisemain\node_modules\next\dist\server\require.js
- C:\Users\nabap\OneDrive\Desktop\ALL_PROJECTS\ecommerce-byte-wisemain\node_modules\next\dist\server\load-components.js
- C:\Users\nabap\OneDrive\Desktop\ALL_PROJECTS\ecommerce-byte-wisemain\node_modules\next\dist\build\utils.js
- C:\Users\nabap\OneDrive\Desktop\ALL_PROJECTS\ecommerce-byte-wisemain\node_modules\next\dist\server\dev\static-paths-worker.js
- C:\Users\nabap\OneDrive\Desktop\ALL_PROJECTS\ecommerce-byte-wisemain\node_modules\next\dist\compiled\jest-worker\processChild.js
    at Function.<anonymous> (node:internal/modules/cjs/loader:1244:15)
    at <unknown> (file://C:\Users\nabap\OneDrive\Desktop\ALL_PROJECTS\ecommerce-byte-wisemain\node_modules\next\dist\server\require-hook.js:57:36)
    at Function._load (node:internal/modules/cjs/loader:1070:27)
    at TracingChannel.traceSync (node:diagnostics_channel:322:14)
    at wrapModuleLoad (node:internal/modules/cjs/loader:217:24)
    at Module.<anonymous> (node:internal/modules/cjs/loader:1335:12)
    at mod.require (file://C:\Users\nabap\OneDrive\Desktop\ALL_PROJECTS\ecommerce-byte-wisemain\node_modules\next\dist\server\require-hook.js:68:28)
    at require (node:internal/modules/helpers:136:16)
    at __webpack_require__.f.require (file://C:\Users\nabap\OneDrive\Desktop\ALL_PROJECTS\ecommerce-byte-wisemain\.next\server\webpack-runtime.js:195:28)
    at <unknown> (file://C:\Users\nabap\OneDrive\Desktop\ALL_PROJECTS\ecommerce-byte-wisemain\.next\server\webpack-runtime.js:108:40)
[   31819ms] [LOG] [HMR] connected @ webpack-internal:///(pages-dir-browser)/./node_modules/next/dist/client/dev/hot-reloader/pages/websocket.js:45
[   40068ms] [LOG] [Fast Refresh] rebuilding @ webpack-internal:///(pages-dir-browser)/./node_modules/next/dist/client/dev/hot-reloader/pages/hot-reloader-pages.js:206
[   42466ms] [WARNING] [Fast Refresh] performing full reload because your application had an unrecoverable error @ webpack-internal:///(pages-dir-browser)/./node_modules/next/dist/client/dev/hot-reloader/pages/hot-reloader-pages.js:347
[   52687ms] [WARNING] [Fast Refresh] performing full reload because your application had an unrecoverable error @ webpack-internal:///(pages-dir-browser)/./node_modules/next/dist/client/dev/hot-reloader/pages/hot-reloader-pages.js:347
[   52769ms] [LOG] [Fast Refresh] rebuilding @ webpack-internal:///(pages-dir-browser)/./node_modules/next/dist/client/dev/hot-reloader/pages/hot-reloader-pages.js:206
[   60014ms] [LOG] [Fast Refresh] rebuilding @ webpack-internal:///(pages-dir-browser)/./node_modules/next/dist/client/dev/hot-reloader/pages/hot-reloader-pages.js:206
[   60267ms] [WARNING] [Fast Refresh] performing full reload because your application had an unrecoverable error @ webpack-internal:///(pages-dir-browser)/./node_modules/next/dist/client/dev/hot-reloader/pages/hot-reloader-pages.js:347
[   77834ms] [WARNING] [Fast Refresh] performing full reload because your application had an unrecoverable error @ webpack-internal:///(pages-dir-browser)/./node_modules/next/dist/client/dev/hot-reloader/pages/hot-reloader-pages.js:347
[   77969ms] [LOG] [Fast Refresh] rebuilding @ webpack-internal:///(pages-dir-browser)/./node_modules/next/dist/client/dev/hot-reloader/pages/hot-reloader-pages.js:206
